c++ -std=c++23  /Users/ahethesham/Desktop/wrapper/test/server.cc -I/Users/ahethesham/Desktop/wrapper/include/ -I/Users/ahethesham/Desktop/wrapper/include/Logger/ -I/Users/ahethesham/Desktop/wrapper/include/json/ -I/Users/ahethesham/Desktop/wrapper/include/stream/ -I/Users/ahethesham/Desktop/wrapper/include/web/ -I/Users/ahethesham/Desktop/wrapper/include/web/acceptor/ -I/Users/ahethesham/Desktop/wrapper/include/web/binder/ -I/Users/ahethesham/Desktop/wrapper/include/web/client/ -I/Users/ahethesham/Desktop/wrapper/include/web/endpoint/ -I/Users/ahethesham/Desktop/wrapper/include/web/listener/ -I/Users/ahethesham/Desktop/wrapper/include/web/request/ -I/Users/ahethesham/Desktop/wrapper/include/web/response/ -I/Users/ahethesham/Desktop/wrapper/include/web/server/ -I/Users/ahethesham/Desktop/wrapper/include/web/socket/ -I/Users/ahethesham/Desktop/wrapper/web/ -o server
In file included from /Users/ahethesham/Desktop/wrapper/test/server.cc:1:
/Users/ahethesham/Desktop/wrapper/include/web/web_fwd.h:5:1: warning: 'extern' is not permitted on a declaration of a type [-Wmissing-declarations]
    5 | extern struct Dummy;
      | ^
In file included from /Users/ahethesham/Desktop/wrapper/test/server.cc:1:
In file included from /Users/ahethesham/Desktop/wrapper/include/web/web_fwd.h:89:
In file included from /Users/ahethesham/Desktop/wrapper/include/web/socket/tcp_socket.h:5:
In file included from /Users/ahethesham/Desktop/wrapper/include/web/web_fwd.h:91:
In file included from /Users/ahethesham/Desktop/wrapper/include/web/server/http_server.h:5:
In file included from /Users/ahethesham/Desktop/wrapper/include/web/web_fwd.h:92:
In file included from /Users/ahethesham/Desktop/wrapper/include/web/binder/bind.h:13:
In file included from /Users/ahethesham/Desktop/wrapper/include/web/web_fwd.h:97:
/Users/ahethesham/Desktop/wrapper/include/stream/http_reader.h:58:9: warning: non-void function does not return a value [-Wreturn-type]
   58 |         }
      |         ^
In file included from /Users/ahethesham/Desktop/wrapper/test/server.cc:1:
In file included from /Users/ahethesham/Desktop/wrapper/include/web/web_fwd.h:84:
/Users/ahethesham/Desktop/wrapper/include/web/request/request.h:48:13: warning: non-void function does not return a value [-Wreturn-type]
   48 |             }
      |             ^
/Users/ahethesham/Desktop/wrapper/include/stream/http_reader.h:135:22: note: in instantiation of function template specialization 'basic_request<http::HttpRequest>::addRequestLine<std::string>' requested here
  135 |                 req->addRequestLine(line);
      |                      ^
In file included from /Users/ahethesham/Desktop/wrapper/test/server.cc:1:
In file included from /Users/ahethesham/Desktop/wrapper/include/web/web_fwd.h:86:
/Users/ahethesham/Desktop/wrapper/include/web/server/server.h:65:84: warning: field 'endpoint_' is uninitialized when used here [-Wuninitialized]
   65 |         basic_server(std::string host , endpoint::port_type port) :  basic_server(*endpoint_){
      |                                                                                    ^
/Users/ahethesham/Desktop/wrapper/test/server.cc:5:17: note: in instantiation of member function 'basic_server<basic_socket<TcpSocket>, basic_endpoint<endpoint>, basic_binder<TcpBinder>, basic_listener<basic_socket<TcpSocket>>, basic_acceptor<basic_socket<TcpSocket>>, basic_stream<basic_socket<TcpSocket>, http_reader, http_writer>, basic_request<http::HttpRequest>, basic_response<http::HttpResponse>, HttpServer>::basic_server' requested here
    5 |     http_server server("0.0.0.0" ,8080  );
      |                 ^
4 warnings generated.
